[mypagetes.nicepage.io/index.html]
[backblue.gif]
[fade.gif]
[index.html]
[capp.nicepage.com/d05a0c2d4ca3edf75af06b45932e293777a06d36/nicepage.css]
[mypagetes.nicepage.io/Home.css]
[capp.nicepage.com/d05a0c2d4ca3edf75af06b45932e293777a06d36/nicepage.js]
[mypagetes.nicepage.io/nicepage-site.css]
[capp.nicepage.com/assets/jquery-3.5.1.min.js]
[assets.nicepagecdn.com/eab76521/3950613/images/logo.png]
[assets.nicepagecdn.com/eab76521/3950613/images/About-Property-Sales-Logo.png]
[mypagetes.nicepage.io/index.html]
[capp.nicepage.com/d05a0c2d4ca3edf75af06b45932e293777a06d36/nicepage.css]
[mypagetes.nicepage.io/nicepage-site.css]
[assets.nicepagecdn.com/eab76521/3950613/images/is-your-property-currently-vacant-1.jpg]
[mypagetes.nicepage.io/Home.css]
[capp.nicepage.com/d05a0c2d4ca3edf75af06b45932e293777a06d36/nicepage.js]
[mypagetes.nicepage.io/Content/BundledScripts/index.html]
[mypagetes.nicepage.io/Content/BundledScripts/index.html]
[mypagetes.nicepage.io/ABCDEFGHIJKLMNOPQRSTUVWXYZabcdefghijklmnopqrstuvwxyz0123456789+/index.html]
[mypagetes.nicepage.io/ABCDEFGHIJKLMNOPQRSTUVWXYZabcdefghijklmnopqrstuvwxyz0123456789+/index.html]
